mode: set
github.com/pepodev/super-utils/pkg/utils/parser.go:7.39,12.26 4 1
github.com/pepodev/super-utils/pkg/utils/parser.go:12.26,13.12 1 1
github.com/pepodev/super-utils/pkg/utils/parser.go:14.12,15.16 1 1
github.com/pepodev/super-utils/pkg/utils/parser.go:15.16,17.5 1 1
github.com/pepodev/super-utils/pkg/utils/parser.go:17.10,17.32 1 1
github.com/pepodev/super-utils/pkg/utils/parser.go:17.32,20.5 2 1
github.com/pepodev/super-utils/pkg/utils/parser.go:21.12,22.24 1 1
github.com/pepodev/super-utils/pkg/utils/parser.go:23.11,24.24 1 1
github.com/pepodev/super-utils/pkg/utils/parser.go:28.2,28.23 1 1
github.com/pepodev/super-utils/pkg/utils/parser.go:28.23,30.3 1 1
github.com/pepodev/super-utils/pkg/utils/parser.go:32.2,32.13 1 1
github.com/pepodev/super-utils/pkg/middleware/middleware.go:9.37,10.34 1 1
github.com/pepodev/super-utils/pkg/middleware/middleware.go:10.34,13.3 2 1
github.com/pepodev/super-utils/pkg/metrics/metrics.go:17.44,32.2 5 1
github.com/pepodev/super-utils/pkg/metrics/metrics.go:35.40,46.2 3 1
github.com/pepodev/super-utils/pkg/metrics/metrics.go:49.43,54.2 1 1
github.com/pepodev/super-utils/pkg/metrics/metrics.go:57.42,62.2 1 1
github.com/pepodev/super-utils/pkg/metrics/metrics.go:65.41,100.2 5 1
github.com/pepodev/super-utils/pkg/metrics/metrics.go:103.51,136.2 6 1
github.com/pepodev/super-utils/cmd/main.go:10.13,24.2 5 0
github.com/pepodev/super-utils/pkg/handlers/routes.go:17.37,36.2 11 1
github.com/pepodev/super-utils/pkg/handlers/routes.go:39.38,42.53 2 1
github.com/pepodev/super-utils/pkg/handlers/routes.go:42.53,44.3 1 1
github.com/pepodev/super-utils/pkg/handlers/routes.go:46.2,47.16 2 1
github.com/pepodev/super-utils/pkg/handlers/routes.go:47.16,49.3 1 1
github.com/pepodev/super-utils/pkg/handlers/routes.go:51.2,52.28 2 0
github.com/pepodev/super-utils/pkg/handlers/routes.go:56.44,59.2 2 1
github.com/pepodev/super-utils/pkg/handlers/routes.go:62.39,71.19 6 1
github.com/pepodev/super-utils/pkg/handlers/routes.go:71.19,74.3 1 1
github.com/pepodev/super-utils/pkg/handlers/routes.go:74.8,74.23 1 1
github.com/pepodev/super-utils/pkg/handlers/routes.go:74.23,77.3 1 1
github.com/pepodev/super-utils/pkg/handlers/routes.go:77.8,79.3 1 1
github.com/pepodev/super-utils/pkg/handlers/routes.go:81.2,81.16 1 1
github.com/pepodev/super-utils/pkg/handlers/routes.go:81.16,83.3 1 1
github.com/pepodev/super-utils/pkg/handlers/routes.go:85.2,85.29 1 1
github.com/pepodev/super-utils/pkg/handlers/routes.go:89.38,96.19 5 1
github.com/pepodev/super-utils/pkg/handlers/routes.go:96.19,101.3 3 0
github.com/pepodev/super-utils/pkg/handlers/routes.go:101.8,103.3 1 1
github.com/pepodev/super-utils/pkg/handlers/routes.go:105.2,105.16 1 1
github.com/pepodev/super-utils/pkg/handlers/routes.go:105.16,107.3 1 1
github.com/pepodev/super-utils/pkg/handlers/routes.go:108.2,111.32 3 0
github.com/pepodev/super-utils/pkg/handlers/routes.go:115.41,119.16 3 1
github.com/pepodev/super-utils/pkg/handlers/routes.go:119.16,121.3 1 1
github.com/pepodev/super-utils/pkg/handlers/routes.go:123.2,124.25 2 1
github.com/pepodev/super-utils/pkg/handlers/routes.go:124.25,126.3 1 1
github.com/pepodev/super-utils/pkg/handlers/routes.go:128.2,129.16 2 1
github.com/pepodev/super-utils/pkg/handlers/routes.go:129.16,131.3 1 1
github.com/pepodev/super-utils/pkg/handlers/routes.go:133.2,139.34 3 1
github.com/pepodev/super-utils/pkg/handlers/service-emulator.go:12.50,15.53 2 1
github.com/pepodev/super-utils/pkg/handlers/service-emulator.go:15.53,17.3 1 1
github.com/pepodev/super-utils/pkg/handlers/service-emulator.go:19.2,20.16 2 1
github.com/pepodev/super-utils/pkg/handlers/service-emulator.go:20.16,22.3 1 1
github.com/pepodev/super-utils/pkg/handlers/service-emulator.go:24.2,25.28 2 0
github.com/pepodev/super-utils/pkg/handlers/service-emulator.go:29.45,33.2 3 1
github.com/pepodev/super-utils/pkg/handlers/service-emulator.go:36.50,40.2 3 1
github.com/pepodev/super-utils/pkg/handlers/service-emulator.go:48.46,52.43 2 1
github.com/pepodev/super-utils/pkg/handlers/service-emulator.go:52.43,55.3 1 1
github.com/pepodev/super-utils/pkg/handlers/service-emulator.go:57.2,57.25 1 1
github.com/pepodev/super-utils/pkg/handlers/service-emulator.go:57.25,61.3 1 1
github.com/pepodev/super-utils/pkg/handlers/service-emulator.go:63.2,65.16 3 1
github.com/pepodev/super-utils/pkg/handlers/service-emulator.go:65.16,69.3 1 1
github.com/pepodev/super-utils/pkg/handlers/service-emulator.go:71.2,75.4 2 1
github.com/pepodev/super-utils/pkg/handlers/service-emulator.go:79.45,83.43 2 1
github.com/pepodev/super-utils/pkg/handlers/service-emulator.go:83.43,86.3 1 1
github.com/pepodev/super-utils/pkg/handlers/service-emulator.go:88.2,88.25 1 1
github.com/pepodev/super-utils/pkg/handlers/service-emulator.go:88.25,92.3 1 1
github.com/pepodev/super-utils/pkg/handlers/service-emulator.go:94.2,96.16 3 1
github.com/pepodev/super-utils/pkg/handlers/service-emulator.go:96.16,100.3 1 1
github.com/pepodev/super-utils/pkg/handlers/service-emulator.go:102.2,106.4 2 1
github.com/pepodev/super-utils/pkg/handlers/service-emulator.go:110.47,118.2 3 1
github.com/pepodev/super-utils/pkg/services/emulator.go:29.38,118.31 3 1
github.com/pepodev/super-utils/pkg/services/emulator.go:118.31,121.3 2 1
github.com/pepodev/super-utils/pkg/services/emulator.go:123.2,123.17 1 1
github.com/pepodev/super-utils/pkg/services/emulator.go:127.37,128.21 1 1
github.com/pepodev/super-utils/pkg/services/emulator.go:128.21,130.3 1 1
github.com/pepodev/super-utils/pkg/services/emulator.go:131.2,131.17 1 1
github.com/pepodev/super-utils/pkg/services/emulator.go:135.55,140.33 4 1
github.com/pepodev/super-utils/pkg/services/emulator.go:140.33,142.3 1 1
github.com/pepodev/super-utils/pkg/services/emulator.go:143.2,143.17 1 1
github.com/pepodev/super-utils/pkg/services/emulator.go:147.67,152.13 4 1
github.com/pepodev/super-utils/pkg/services/emulator.go:152.13,154.3 1 1
github.com/pepodev/super-utils/pkg/services/emulator.go:155.2,155.17 1 1
github.com/pepodev/super-utils/pkg/services/emulator.go:159.57,164.13 4 1
github.com/pepodev/super-utils/pkg/services/emulator.go:164.13,166.3 1 1
github.com/pepodev/super-utils/pkg/services/emulator.go:168.2,168.29 1 1
github.com/pepodev/super-utils/pkg/services/emulator.go:168.29,170.3 1 1
github.com/pepodev/super-utils/pkg/services/emulator.go:172.2,174.12 3 1
github.com/pepodev/super-utils/pkg/services/emulator.go:178.56,183.13 4 1
github.com/pepodev/super-utils/pkg/services/emulator.go:183.13,185.3 1 1
github.com/pepodev/super-utils/pkg/services/emulator.go:187.2,187.29 1 1
github.com/pepodev/super-utils/pkg/services/emulator.go:187.29,189.3 1 1
github.com/pepodev/super-utils/pkg/services/emulator.go:191.2,193.12 3 1
github.com/pepodev/super-utils/pkg/services/emulator.go:197.46,201.33 3 1
github.com/pepodev/super-utils/pkg/services/emulator.go:201.33,204.3 2 1
github.com/pepodev/super-utils/pkg/services/emulator.go:208.69,215.33 5 1
github.com/pepodev/super-utils/pkg/services/emulator.go:215.33,216.30 1 1
github.com/pepodev/super-utils/pkg/services/emulator.go:216.30,218.4 1 1
github.com/pepodev/super-utils/pkg/services/emulator.go:218.9,220.4 1 1
github.com/pepodev/super-utils/pkg/services/emulator.go:223.2,227.3 1 1
github.com/pepodev/super-utils/pkg/services/shell.go:10.53,14.16 3 1
github.com/pepodev/super-utils/pkg/services/shell.go:14.16,16.3 1 1
github.com/pepodev/super-utils/pkg/services/shell.go:18.2,18.25 1 1
github.com/pepodev/super-utils/pkg/services/shell.go:22.67,24.16 2 1
github.com/pepodev/super-utils/pkg/services/shell.go:24.16,26.3 1 1
github.com/pepodev/super-utils/pkg/services/shell.go:28.2,31.16 3 1
github.com/pepodev/super-utils/pkg/services/shell.go:31.16,33.3 1 1
github.com/pepodev/super-utils/pkg/services/shell.go:35.2,35.25 1 1
github.com/pepodev/super-utils/pkg/services/system.go:12.33,16.63 2 1
github.com/pepodev/super-utils/pkg/services/system.go:16.63,18.3 1 1
github.com/pepodev/super-utils/pkg/services/system.go:21.2,21.146 1 1
github.com/pepodev/super-utils/pkg/services/system.go:21.146,23.3 1 1
github.com/pepodev/super-utils/pkg/services/system.go:26.2,26.66 1 1
github.com/pepodev/super-utils/pkg/services/system.go:26.66,28.3 1 1
github.com/pepodev/super-utils/pkg/services/system.go:31.2,31.67 1 1
github.com/pepodev/super-utils/pkg/services/system.go:31.67,33.3 1 1
github.com/pepodev/super-utils/pkg/services/system.go:36.2,36.142 1 1
github.com/pepodev/super-utils/pkg/services/system.go:36.142,38.3 1 1
github.com/pepodev/super-utils/pkg/services/system.go:41.2,41.65 1 1
github.com/pepodev/super-utils/pkg/services/system.go:41.65,43.3 1 1
github.com/pepodev/super-utils/pkg/services/system.go:46.2,46.63 1 1
github.com/pepodev/super-utils/pkg/services/system.go:46.63,48.3 1 1
github.com/pepodev/super-utils/pkg/services/system.go:51.2,51.95 1 1
github.com/pepodev/super-utils/pkg/services/system.go:51.95,53.3 1 1
github.com/pepodev/super-utils/pkg/services/system.go:56.2,56.110 1 1
github.com/pepodev/super-utils/pkg/services/system.go:56.110,58.3 1 1
github.com/pepodev/super-utils/pkg/services/system.go:61.2,61.97 1 1
github.com/pepodev/super-utils/pkg/services/system.go:61.97,63.3 1 1
github.com/pepodev/super-utils/pkg/services/system.go:66.2,66.153 1 1
github.com/pepodev/super-utils/pkg/services/system.go:66.153,68.3 1 1
github.com/pepodev/super-utils/pkg/services/system.go:70.2,70.13 1 1
